[36mvite v8.0.2 [32mbuilding client environment for production...[36m[39m
[2Ktransforming...✓ 2134 modules transformed.
